venv\Scripts\python : Could not find platform independent libraries <prefix>
At line:1 char:1
+ venv\Scripts\python -m pytest tests/test_model_integration.py -v > te ...
+ ~~~~~~~~~~~~~~~~~~~~~~~~~~~~~~~~~~~~~~~~~~~~~~~~~~~~~~~~~~~~~~~~~~~~~
    + CategoryInfo          : NotSpecified: (Could not find ...raries <prefix>:String) [], RemoteException
    + FullyQualifiedErrorId : NativeCommandError
 
============================= test session starts =============================
platform win32 -- Python 3.13.1, pytest-9.0.2, pluggy-1.6.0 -- C:\Users\caleb\Documents\School\AI Documents\AntiGrav\Multi Dimensional AI\venv\Scripts\python.exe
cachedir: .pytest_cache
hypothesis profile 'default'
rootdir: C:\Users\caleb\Documents\School\AI Documents\AntiGrav\Multi Dimensional AI
plugins: hypothesis-6.150.2, timeout-2.4.0
collecting ... collected 2 items

tests/test_model_integration.py::test_model_forward_pass FAILED          [ 50%]
tests/test_model_integration.py::test_model_loss_computation FAILED      [100%]

================================== FAILURES ===================================
___________________________ test_model_forward_pass ___________________________

    def test_model_forward_pass():
        # Setup minimal config
        config = {
            "model": {
                "transformer": {
                    "hidden_dim": 64, # Small for fast test
                    "num_layers": 2,
                    "num_attention_heads": 4,
                    "ffn_dim": 256
                },
                "encoders": {
                    "internal_voice": {"vocab_size": 100},
                    "audio": {"embedding_dim": 64},
                    "vision": {"embedding_dim": 64, "image_size": 32}, # Small image
                    "proprioception": {"embedding_dim": 64},
                    "touch": {"embedding_dim": 64}
                },
                "decoders": {
                    "audio": {"embedding_dim": 64},
                    "animation": {"embedding_dim": 64}
                },
                "fusion": {"strategy": "concatenate"}
            }
        }
    
>       model = MultiModalCreature(config)
                ^^^^^^^^^^^^^^^^^^^^^^^^^^

tests\test_model_integration.py:35: 
_ _ _ _ _ _ _ _ _ _ _ _ _ _ _ _ _ _ _ _ _ _ _ _ _ _ _ _ _ _ _ _ _ _ _ _ _ _ _ _

self = MultiModalCreature(
  (internal_voice_encoder): InternalVoiceEncoder(
    (token_embedding): Embedding(100, 64, paddin...  (dropout): Dropout(p=0.1, inplace=False)
    (layer_norm): LayerNorm((64,), eps=1e-05, elementwise_affine=True)
  )
)
config = {'model': {'decoders': {'animation': {'embedding_dim': 64}, 'audio': {'embedding_dim': 64}}, 'encoders': {'audio': {'e...rategy': 'concatenate'}, 'transformer': {'ffn_dim': 256, 'hidden_dim': 64, 'num_attention_heads': 4, 'num_layers': 2}}}

    def __init__(self, config: Dict):
        """
        Initialize multi-modal creature.
    
        Args:
            config: Configuration dictionary (from config.yaml)
        """
        super().__init__()
    
        self.config = config
        model_config = config.get("model", {})
    
        # Extract dimensions
        vocab_size = model_config.get("encoders", {}).get("internal_voice", {}).get("vocab_size", 50257)
        embedding_dim = model_config.get("transformer", {}).get("hidden_dim", 1536)
    
        # === ENCODERS ===
        self.internal_voice_encoder = InternalVoiceEncoder(
            vocab_size=vocab_size,
            embedding_dim=embedding_dim,
        )
    
        self.external_voice_encoder = ExternalVoiceEncoder(
            vocab_size=vocab_size,
            embedding_dim=embedding_dim,
        )
    
>       self.audio_encoder = AudioEncoder(
            embedding_dim=embedding_dim,
            **model_config.get("encoders", {}).get("audio", {})
        )
E       TypeError: src.encoders.audio_encoder.AudioEncoder() got multiple values for keyword argument 'embedding_dim'

src\models\multimodal_transformer.py:76: TypeError
_________________________ test_model_loss_computation _________________________

    def test_model_loss_computation():
        # Similar setup as above
        config = {
            "model": {
                "transformer": {"hidden_dim": 32, "num_layers": 1, "num_attention_heads": 2, "ffn_dim": 64},
                "encoders": {"internal_voice": {"vocab_size": 50}},
                "fusion": {"strategy": "concatenate"}
            },
            "loss_weights": {"internal_text": 1.0}
        }
>       model = MultiModalCreature(config)
                ^^^^^^^^^^^^^^^^^^^^^^^^^^

tests\test_model_integration.py:85: 
_ _ _ _ _ _ _ _ _ _ _ _ _ _ _ _ _ _ _ _ _ _ _ _ _ _ _ _ _ _ _ _ _ _ _ _ _ _ _ _
src\models\multimodal_transformer.py:81: in __init__
    self.visual_encoder = VisualEncoder(
src\encoders\visual_encoder.py:84: in __init__
    encoder_layer = nn.TransformerEncoderLayer(
venv\Lib\site-packages\torch\nn\modules\transformer.py:759: in __init__
    self.self_attn = MultiheadAttention(
_ _ _ _ _ _ _ _ _ _ _ _ _ _ _ _ _ _ _ _ _ _ _ _ _ _ _ _ _ _ _ _ _ _ _ _ _ _ _ _

self = MultiheadAttention(), embed_dim = 32, num_heads = 12, dropout = 0.1
bias = True, add_bias_kv = False, add_zero_attn = False, kdim = None
vdim = None, batch_first = True, device = None, dtype = None

    def __init__(
        self,
        embed_dim,
        num_heads,
        dropout=0.0,
        bias=True,
        add_bias_kv=False,
        add_zero_attn=False,
        kdim=None,
        vdim=None,
        batch_first=False,
        device=None,
        dtype=None,
    ) -> None:
        if embed_dim <= 0 or num_heads <= 0:
            raise ValueError(
                f"embed_dim and num_heads must be greater than 0,"
                f" got embed_dim={embed_dim} and num_heads={num_heads} instead"
            )
        factory_kwargs = {"device": device, "dtype": dtype}
        super().__init__()
        self.embed_dim = embed_dim
        self.kdim = kdim if kdim is not None else embed_dim
        self.vdim = vdim if vdim is not None else embed_dim
        self._qkv_same_embed_dim = self.kdim == embed_dim and self.vdim == embed_dim
    
        self.num_heads = num_heads
        self.dropout = dropout
        self.batch_first = batch_first
        self.head_dim = embed_dim // num_heads
>       assert self.head_dim * num_heads == self.embed_dim, (
               ^^^^^^^^^^^^^^^^^^^^^^^^^^^^^^^^^^^^^^^^^^^
            "embed_dim must be divisible by num_heads"
        )
E       AssertionError: embed_dim must be divisible by num_heads

venv\Lib\site-packages\torch\nn\modules\activation.py:1191: AssertionError
=========================== short test summary info ===========================
FAILED tests/test_model_integration.py::test_model_forward_pass - TypeError: ...
FAILED tests/test_model_integration.py::test_model_loss_computation - Asserti...
============================== 2 failed in 5.87s ==============================
